INFO:pygls.server:Starting server on 127.0.0.1:2087
DEBUG:pygls.protocol:Received b'Content-Length: 2563\r\n\r\n{"jsonrpc":"2.0","id":0,"method":"initialize","params":{"processId":9875,"rootPath":null,"rootUri":null,"capabilities":{"workspace":{"applyEdit":true,"workspaceEdit":{"documentChanges":true,"resourceOperations":["create","rename","delete"],"failureHandling":"textOnlyTransactional"},"didChangeConfiguration":{"dynamicRegistration":true},"didChangeWatchedFiles":{"dynamicRegistration":true},"symbol":{"dynamicRegistration":true,"symbolKind":{"valueSet":[1,2,3,4,5,6,7,8,9,10,11,12,13,14,15,16,17,18,19,20,21,22,23,24,25,26]}},"executeCommand":{"dynamicRegistration":true},"configuration":true,"workspaceFolders":true},"textDocument":{"publishDiagnostics":{"relatedInformation":true},"synchronization":{"dynamicRegistration":true,"willSave":true,"willSaveWaitUntil":true,"didSave":true},"completion":{"dynamicRegistration":true,"contextSupport":true,"completionItem":{"snippetSupport":true,"commitCharactersSupport":true,"documentationFormat":["markdown","plaintext"],"deprecatedSupport":true,"preselectSupport":true},"completionItemKind":{"valueSet":[1,2,3,4,5,6,7,8,9,10,11,12,13,14,15,16,17,18,19,20,21,22,23,24,25]}},"hover":{"dynamicRegistration":true,"contentFormat":["markdown","plaintext"]},"signatureHelp":{"dynamicRegistration":true,"signatureInformation":{"documentationFormat":["markdown","plaintext"],"parameterInformation":{"labelOffsetSupport":true}}},"definition":{"dynamicRegistration":true,"linkSupport":true},"references":{"dynamicRegistration":true},"documentHighlight":{"dynamicRegistration":true},"documentSymbol":{"dynamicRegistration":true,"symbolKind":{"valueSet":[1,2,3,4,5,6,7,8,9,10,11,12,13,14,15,16,17,18,19,20,21,22,23,24,25,26]},"hierarchicalDocumentSymbolSupport":true},"codeAction":{"dynamicRegistration":true,"codeActionLiteralSupport":{"codeActionKind":{"valueSet":["","quickfix","refactor","refactor.extract","refactor.inline","refactor.rewrite","source","source.organizeImports"]}}},"codeLens":{"dynamicRegistration":true},"formatting":{"dynamicRegistration":true},"rangeFormatting":{"dynamicRegistration":true},"onTypeFormatting":{"dynamicRegistration":true},"rename":{"dynamicRegistration":true,"prepareSupport":true},"documentLink":{"dynamicRegistration":true},"typeDefinition":{"dynamicRegistration":true,"linkSupport":true},"implementation":{"dynamicRegistration":true,"linkSupport":true},"colorProvider":{"dynamicRegistration":true},"foldingRange":{"dynamicRegistration":true,"rangeLimit":5000,"lineFoldingOnly":true},"declaration":{"dynamicRegistration":true,"linkSupport":true}}},"trace":"off","workspaceFolders":null}}'
DEBUG:pygls.protocol:Request message received.
INFO:pygls.protocol:Language server initialized Object(processId=9875, rootPath=None, rootUri=None, capabilities=Object(workspace=Object(applyEdit=True, workspaceEdit=Object(documentChanges=True, resourceOperations=['create', 'rename', 'delete'], failureHandling='textOnlyTransactional'), didChangeConfiguration=Object(dynamicRegistration=True), didChangeWatchedFiles=Object(dynamicRegistration=True), symbol=Object(dynamicRegistration=True, symbolKind=Object(valueSet=[1, 2, 3, 4, 5, 6, 7, 8, 9, 10, 11, 12, 13, 14, 15, 16, 17, 18, 19, 20, 21, 22, 23, 24, 25, 26])), executeCommand=Object(dynamicRegistration=True), configuration=True, workspaceFolders=True), textDocument=Object(publishDiagnostics=Object(relatedInformation=True), synchronization=Object(dynamicRegistration=True, willSave=True, willSaveWaitUntil=True, didSave=True), completion=Object(dynamicRegistration=True, contextSupport=True, completionItem=Object(snippetSupport=True, commitCharactersSupport=True, documentationFormat=['markdown', 'plaintext'], deprecatedSupport=True, preselectSupport=True), completionItemKind=Object(valueSet=[1, 2, 3, 4, 5, 6, 7, 8, 9, 10, 11, 12, 13, 14, 15, 16, 17, 18, 19, 20, 21, 22, 23, 24, 25])), hover=Object(dynamicRegistration=True, contentFormat=['markdown', 'plaintext']), signatureHelp=Object(dynamicRegistration=True, signatureInformation=Object(documentationFormat=['markdown', 'plaintext'], parameterInformation=Object(labelOffsetSupport=True))), definition=Object(dynamicRegistration=True, linkSupport=True), references=Object(dynamicRegistration=True), documentHighlight=Object(dynamicRegistration=True), documentSymbol=Object(dynamicRegistration=True, symbolKind=Object(valueSet=[1, 2, 3, 4, 5, 6, 7, 8, 9, 10, 11, 12, 13, 14, 15, 16, 17, 18, 19, 20, 21, 22, 23, 24, 25, 26]), hierarchicalDocumentSymbolSupport=True), codeAction=Object(dynamicRegistration=True, codeActionLiteralSupport=Object(codeActionKind=Object(valueSet=['', 'quickfix', 'refactor', 'refactor.extract', 'refactor.inline', 'refactor.rewrite', 'source', 'source.organizeImports']))), codeLens=Object(dynamicRegistration=True), formatting=Object(dynamicRegistration=True), rangeFormatting=Object(dynamicRegistration=True), onTypeFormatting=Object(dynamicRegistration=True), rename=Object(dynamicRegistration=True, prepareSupport=True), documentLink=Object(dynamicRegistration=True), typeDefinition=Object(dynamicRegistration=True, linkSupport=True), implementation=Object(dynamicRegistration=True, linkSupport=True), colorProvider=Object(dynamicRegistration=True), foldingRange=Object(dynamicRegistration=True, rangeLimit=5000, lineFoldingOnly=True), declaration=Object(dynamicRegistration=True, linkSupport=True))), trace='off', workspaceFolders=None)
DEBUG:pygls.protocol:Server capabilities: {'textDocumentSync': <TextDocumentSyncKind.INCREMENTAL: 2>, 'hoverProvider': False, 'completionProvider': <pygls.types.CompletionOptions object at 0x7f8c057f8ac0>, 'definitionProvider': False, 'referencesProvider': False, 'documentHighlightProvider': False, 'documentSymbolProvider': False, 'workspaceSymbolProvider': False, 'codeActionProvider': False, 'documentFormattingProvider': False, 'documentRangeFormattingProvider': False, 'renameProvider': False, 'executeCommandProvider': <pygls.types.ExecuteCommandOptions object at 0x7f8c057f8a90>, 'workspace': {'workspaceFolders': {'supported': True, 'changeNotifications': True}}}
INFO:pygls.protocol:Sending data: {"id": 0, "jsonrpc": "2.0", "result": {"capabilities": {"textDocumentSync": 2, "hoverProvider": false, "completionProvider": {"resolveProvider": false, "triggerCharacters": [","]}, "definitionProvider": false, "referencesProvider": false, "documentHighlightProvider": false, "documentSymbolProvider": false, "workspaceSymbolProvider": false, "codeActionProvider": false, "documentFormattingProvider": false, "documentRangeFormattingProvider": false, "renameProvider": false, "executeCommandProvider": {"commands": ["countDownBlocking", "countDownNonBlocking", "registerCompletions", "showConfigurationAsync", "showConfigurationCallback", "showConfigurationThread", "unregisterCompletions"]}, "workspace": {"workspaceFolders": {"supported": true, "changeNotifications": true}}}}}
DEBUG:pygls.protocol:Received b'Content-Length: 52\r\n\r\n{"jsonrpc":"2.0","method":"initialized","params":{}}'
DEBUG:pygls.protocol:Notification message received.
DEBUG:pygls.protocol:Received b'Content-Length: 191\r\n\r\n{"jsonrpc":"2.0","method":"textDocument/didOpen","params":{"textDocument":{"uri":"file:///home/julien/Bureau/test.py","languageId":"python","version":1,"text":"def function():\\n    pass\\n"}}}'
DEBUG:pygls.protocol:Notification message received.
DEBUG:pygls.protocol:Sending notification: window/showMessage <pygls.types.ShowMessageParams object at 0x7f8c057f5ac0>
INFO:pygls.protocol:Sending data: {"jsonrpc": "2.0", "method": "window/showMessage", "params": {"type": 3, "message": "Text Document Did Open"}}
DEBUG:pygls.protocol:Sending notification: window/logMessage <pygls.types.LogMessageParams object at 0x7f8c057f5d60>
INFO:pygls.protocol:Sending data: {"jsonrpc": "2.0", "method": "window/logMessage", "params": {"type": 4, "message": "Validating python..."}}
DEBUG:pygls.protocol:Sending notification: textDocument/publishDiagnostics <pygls.types.PublishDiagnosticsParams object at 0x7f8c057f5d60>
INFO:pygls.protocol:Sending data: {"jsonrpc": "2.0", "method": "textDocument/publishDiagnostics", "params": {"uri": "file:///home/julien/Bureau/test.py", "diagnostics": []}}
DEBUG:pygls.protocol:Received b'Content-Length: 194\r\n\r\n'
DEBUG:pygls.protocol:Received b'{"jsonrpc":"2.0","id":1,"method":"textDocument/completion","params":{"textDocument":{"uri":"file:///home/julien/Bureau/test.py"},"position":{"line":2,"character":0},"context":{"triggerKind":1}}}'
DEBUG:pygls.protocol:Request message received.
DEBUG:pygls.protocol:Sending notification: window/logMessage <pygls.types.LogMessageParams object at 0x7f8c057eff70>
INFO:pygls.protocol:Sending data: {"jsonrpc": "2.0", "method": "window/logMessage", "params": {"type": 4, "message": "def"}}
INFO:pygls.protocol:Sending data: {"id": 1, "jsonrpc": "2.0", "result": {"isIncomplete": false, "items": [{"label": "!", "kind": null, "detail": null, "documentation": null, "deprecated": false, "preselect": false, "sortText": null, "filterText": null, "insertText": null, "insertTextFormat": null, "textEdit": null, "additionalTextEdits": null, "commitCharacters": null, "command": null, "data": null}, {"label": "[", "kind": null, "detail": null, "documentation": null, "deprecated": false, "preselect": false, "sortText": null, "filterText": null, "insertText": null, "insertTextFormat": null, "textEdit": null, "additionalTextEdits": null, "commitCharacters": null, "command": null, "data": null}, {"label": "]", "kind": null, "detail": null, "documentation": null, "deprecated": false, "preselect": false, "sortText": null, "filterText": null, "insertText": null, "insertTextFormat": null, "textEdit": null, "additionalTextEdits": null, "commitCharacters": null, "command": null, "data": null}, {"label": "{", "kind": null, "detail": null, "documentation": null, "deprecated": false, "preselect": false, "sortText": null, "filterText": null, "insertText": null, "insertTextFormat": null, "textEdit": null, "additionalTextEdits": null, "commitCharacters": null, "command": null, "data": null}, {"label": "}", "kind": null, "detail": null, "documentation": null, "deprecated": false, "preselect": false, "sortText": null, "filterText": null, "insertText": null, "insertTextFormat": null, "textEdit": null, "additionalTextEdits": null, "commitCharacters": null, "command": null, "data": null}, {"label": "def function():\n", "kind": null, "detail": null, "documentation": null, "deprecated": false, "preselect": false, "sortText": null, "filterText": null, "insertText": null, "insertTextFormat": null, "textEdit": null, "additionalTextEdits": null, "commitCharacters": null, "command": null, "data": null}, {"label": "test", "kind": null, "detail": null, "documentation": null, "deprecated": false, "preselect": false, "sortText": null, "filterText": null, "insertText": null, "insertTextFormat": null, "textEdit": null, "additionalTextEdits": null, "commitCharacters": null, "command": null, "data": null}]}}
DEBUG:pygls.protocol:Received b'Content-Length: 194\r\n\r\n'
DEBUG:pygls.protocol:Received b'{"jsonrpc":"2.0","id":2,"method":"textDocument/completion","params":{"textDocument":{"uri":"file:///home/julien/Bureau/test.py"},"position":{"line":2,"character":0},"context":{"triggerKind":1}}}'
DEBUG:pygls.protocol:Request message received.
DEBUG:pygls.protocol:Sending notification: window/logMessage <pygls.types.LogMessageParams object at 0x7f8c057f8a30>
INFO:pygls.protocol:Sending data: {"jsonrpc": "2.0", "method": "window/logMessage", "params": {"type": 4, "message": "def"}}
INFO:pygls.protocol:Sending data: {"id": 2, "jsonrpc": "2.0", "result": {"isIncomplete": false, "items": [{"label": "!", "kind": null, "detail": null, "documentation": null, "deprecated": false, "preselect": false, "sortText": null, "filterText": null, "insertText": null, "insertTextFormat": null, "textEdit": null, "additionalTextEdits": null, "commitCharacters": null, "command": null, "data": null}, {"label": "[", "kind": null, "detail": null, "documentation": null, "deprecated": false, "preselect": false, "sortText": null, "filterText": null, "insertText": null, "insertTextFormat": null, "textEdit": null, "additionalTextEdits": null, "commitCharacters": null, "command": null, "data": null}, {"label": "]", "kind": null, "detail": null, "documentation": null, "deprecated": false, "preselect": false, "sortText": null, "filterText": null, "insertText": null, "insertTextFormat": null, "textEdit": null, "additionalTextEdits": null, "commitCharacters": null, "command": null, "data": null}, {"label": "{", "kind": null, "detail": null, "documentation": null, "deprecated": false, "preselect": false, "sortText": null, "filterText": null, "insertText": null, "insertTextFormat": null, "textEdit": null, "additionalTextEdits": null, "commitCharacters": null, "command": null, "data": null}, {"label": "}", "kind": null, "detail": null, "documentation": null, "deprecated": false, "preselect": false, "sortText": null, "filterText": null, "insertText": null, "insertTextFormat": null, "textEdit": null, "additionalTextEdits": null, "commitCharacters": null, "command": null, "data": null}, {"label": "def function():\n", "kind": null, "detail": null, "documentation": null, "deprecated": false, "preselect": false, "sortText": null, "filterText": null, "insertText": null, "insertTextFormat": null, "textEdit": null, "additionalTextEdits": null, "commitCharacters": null, "command": null, "data": null}, {"label": "test", "kind": null, "detail": null, "documentation": null, "deprecated": false, "preselect": false, "sortText": null, "filterText": null, "insertText": null, "insertTextFormat": null, "textEdit": null, "additionalTextEdits": null, "commitCharacters": null, "command": null, "data": null}]}}
DEBUG:pygls.protocol:Received b'Content-Length: 272\r\n\r\n'
DEBUG:pygls.protocol:Received b'{"jsonrpc":"2.0","method":"textDocument/didChange","params":{"textDocument":{"uri":"file:///home/julien/Bureau/test.py","version":2},"contentChanges":[{"range":{"start":{"line":2,"character":0},"end":{"line":2,"character":0}},"rangeLength":0,"text":"def function():\\n"}]}}'
DEBUG:pygls.protocol:Notification message received.
DEBUG:pygls.protocol:Sending notification: window/logMessage <pygls.types.LogMessageParams object at 0x7f8c057f53a0>
INFO:pygls.protocol:Sending data: {"jsonrpc": "2.0", "method": "window/logMessage", "params": {"type": 4, "message": "Validating python..."}}
DEBUG:pygls.protocol:Sending notification: textDocument/publishDiagnostics <pygls.types.PublishDiagnosticsParams object at 0x7f8c057f53a0>
INFO:pygls.protocol:Sending data: {"jsonrpc": "2.0", "method": "textDocument/publishDiagnostics", "params": {"uri": "file:///home/julien/Bureau/test.py", "diagnostics": []}}
DEBUG:pygls.protocol:Received b'Content-Length: 256\r\n\r\n'
DEBUG:pygls.protocol:Received b'{"jsonrpc":"2.0","method":"textDocument/didChange","params":{"textDocument":{"uri":"file:///home/julien/Bureau/test.py","version":3},"contentChanges":[{"range":{"start":{"line":2,"character":15},"end":{"line":3,"character":0}},"rangeLength":1,"text":""}]}}'
DEBUG:pygls.protocol:Notification message received.
DEBUG:pygls.protocol:Sending notification: window/logMessage <pygls.types.LogMessageParams object at 0x7f8c057ea940>
INFO:pygls.protocol:Sending data: {"jsonrpc": "2.0", "method": "window/logMessage", "params": {"type": 4, "message": "Validating python..."}}
DEBUG:pygls.protocol:Sending notification: textDocument/publishDiagnostics <pygls.types.PublishDiagnosticsParams object at 0x7f8c057ea940>
INFO:pygls.protocol:Sending data: {"jsonrpc": "2.0", "method": "textDocument/publishDiagnostics", "params": {"uri": "file:///home/julien/Bureau/test.py", "diagnostics": []}}
DEBUG:pygls.protocol:Received b'Content-Length: 257\r\n\r\n'
DEBUG:pygls.protocol:Received b'{"jsonrpc":"2.0","method":"textDocument/didChange","params":{"textDocument":{"uri":"file:///home/julien/Bureau/test.py","version":4},"contentChanges":[{"range":{"start":{"line":2,"character":14},"end":{"line":2,"character":15}},"rangeLength":1,"text":""}]}}'
DEBUG:pygls.protocol:Notification message received.
DEBUG:pygls.protocol:Sending notification: window/logMessage <pygls.types.LogMessageParams object at 0x7f8c057eaa30>
INFO:pygls.protocol:Sending data: {"jsonrpc": "2.0", "method": "window/logMessage", "params": {"type": 4, "message": "Validating python..."}}
DEBUG:pygls.protocol:Sending notification: textDocument/publishDiagnostics <pygls.types.PublishDiagnosticsParams object at 0x7f8c057eaa30>
INFO:pygls.protocol:Sending data: {"jsonrpc": "2.0", "method": "textDocument/publishDiagnostics", "params": {"uri": "file:///home/julien/Bureau/test.py", "diagnostics": []}}
DEBUG:pygls.protocol:Received b'Content-Length: 257\r\n\r\n'
DEBUG:pygls.protocol:Received b'{"jsonrpc":"2.0","method":"textDocument/didChange","params":{"textDocument":{"uri":"file:///home/julien/Bureau/test.py","version":5},"contentChanges":[{"range":{"start":{"line":2,"character":13},"end":{"line":2,"character":14}},"rangeLength":1,"text":""}]}}'
DEBUG:pygls.protocol:Notification message received.
DEBUG:pygls.protocol:Sending notification: window/logMessage <pygls.types.LogMessageParams object at 0x7f8c057ea460>
INFO:pygls.protocol:Sending data: {"jsonrpc": "2.0", "method": "window/logMessage", "params": {"type": 4, "message": "Validating python..."}}
DEBUG:pygls.protocol:Sending notification: textDocument/publishDiagnostics <pygls.types.PublishDiagnosticsParams object at 0x7f8c057ea460>
INFO:pygls.protocol:Sending data: {"jsonrpc": "2.0", "method": "textDocument/publishDiagnostics", "params": {"uri": "file:///home/julien/Bureau/test.py", "diagnostics": []}}
DEBUG:pygls.protocol:Received b'Content-Length: 257\r\n\r\n'
DEBUG:pygls.protocol:Received b'{"jsonrpc":"2.0","method":"textDocument/didChange","params":{"textDocument":{"uri":"file:///home/julien/Bureau/test.py","version":6},"contentChanges":[{"range":{"start":{"line":2,"character":12},"end":{"line":2,"character":13}},"rangeLength":1,"text":""}]}}'
DEBUG:pygls.protocol:Notification message received.
DEBUG:pygls.protocol:Sending notification: window/logMessage <pygls.types.LogMessageParams object at 0x7f8c0578ee80>
INFO:pygls.protocol:Sending data: {"jsonrpc": "2.0", "method": "window/logMessage", "params": {"type": 4, "message": "Validating python..."}}
DEBUG:pygls.protocol:Sending notification: textDocument/publishDiagnostics <pygls.types.PublishDiagnosticsParams object at 0x7f8c0578ee80>
INFO:pygls.protocol:Sending data: {"jsonrpc": "2.0", "method": "textDocument/publishDiagnostics", "params": {"uri": "file:///home/julien/Bureau/test.py", "diagnostics": []}}
DEBUG:pygls.protocol:Received b'Content-Length: 257\r\n\r\n'
DEBUG:pygls.protocol:Received b'{"jsonrpc":"2.0","method":"textDocument/didChange","params":{"textDocument":{"uri":"file:///home/julien/Bureau/test.py","version":7},"contentChanges":[{"range":{"start":{"line":2,"character":11},"end":{"line":2,"character":12}},"rangeLength":1,"text":""}]}}'
DEBUG:pygls.protocol:Notification message received.
DEBUG:pygls.protocol:Sending notification: window/logMessage <pygls.types.LogMessageParams object at 0x7f8c0579a370>
INFO:pygls.protocol:Sending data: {"jsonrpc": "2.0", "method": "window/logMessage", "params": {"type": 4, "message": "Validating python..."}}
DEBUG:pygls.protocol:Sending notification: textDocument/publishDiagnostics <pygls.types.PublishDiagnosticsParams object at 0x7f8c0579a370>
INFO:pygls.protocol:Sending data: {"jsonrpc": "2.0", "method": "textDocument/publishDiagnostics", "params": {"uri": "file:///home/julien/Bureau/test.py", "diagnostics": []}}
DEBUG:pygls.protocol:Received b'Content-Length: 257\r\n\r\n'
DEBUG:pygls.protocol:Received b'{"jsonrpc":"2.0","method":"textDocument/didChange","params":{"textDocument":{"uri":"file:///home/julien/Bureau/test.py","version":8},"contentChanges":[{"range":{"start":{"line":2,"character":10},"end":{"line":2,"character":11}},"rangeLength":1,"text":""}]}}'
DEBUG:pygls.protocol:Notification message received.
DEBUG:pygls.protocol:Sending notification: window/logMessage <pygls.types.LogMessageParams object at 0x7f8c05791340>
INFO:pygls.protocol:Sending data: {"jsonrpc": "2.0", "method": "window/logMessage", "params": {"type": 4, "message": "Validating python..."}}
DEBUG:pygls.protocol:Sending notification: textDocument/publishDiagnostics <pygls.types.PublishDiagnosticsParams object at 0x7f8c05791340>
INFO:pygls.protocol:Sending data: {"jsonrpc": "2.0", "method": "textDocument/publishDiagnostics", "params": {"uri": "file:///home/julien/Bureau/test.py", "diagnostics": []}}
DEBUG:pygls.protocol:Received b'Content-Length: 256\r\n\r\n'
DEBUG:pygls.protocol:Received b'{"jsonrpc":"2.0","method":"textDocument/didChange","params":{"textDocument":{"uri":"file:///home/julien/Bureau/test.py","version":9},"contentChanges":[{"range":{"start":{"line":2,"character":9},"end":{"line":2,"character":10}},"rangeLength":1,"text":""}]}}'
DEBUG:pygls.protocol:Notification message received.
DEBUG:pygls.protocol:Sending notification: window/logMessage <pygls.types.LogMessageParams object at 0x7f8c05791220>
INFO:pygls.protocol:Sending data: {"jsonrpc": "2.0", "method": "window/logMessage", "params": {"type": 4, "message": "Validating python..."}}
DEBUG:pygls.protocol:Sending notification: textDocument/publishDiagnostics <pygls.types.PublishDiagnosticsParams object at 0x7f8c05791220>
INFO:pygls.protocol:Sending data: {"jsonrpc": "2.0", "method": "textDocument/publishDiagnostics", "params": {"uri": "file:///home/julien/Bureau/test.py", "diagnostics": []}}
DEBUG:pygls.protocol:Received b'Content-Length: 256\r\n\r\n'
DEBUG:pygls.protocol:Received b'{"jsonrpc":"2.0","method":"textDocument/didChange","params":{"textDocument":{"uri":"file:///home/julien/Bureau/test.py","version":10},"contentChanges":[{"range":{"start":{"line":2,"character":8},"end":{"line":2,"character":9}},"rangeLength":1,"text":""}]}}'
DEBUG:pygls.protocol:Notification message received.
DEBUG:pygls.protocol:Sending notification: window/logMessage <pygls.types.LogMessageParams object at 0x7f8c05791340>
INFO:pygls.protocol:Sending data: {"jsonrpc": "2.0", "method": "window/logMessage", "params": {"type": 4, "message": "Validating python..."}}
DEBUG:pygls.protocol:Sending notification: textDocument/publishDiagnostics <pygls.types.PublishDiagnosticsParams object at 0x7f8c05791340>
INFO:pygls.protocol:Sending data: {"jsonrpc": "2.0", "method": "textDocument/publishDiagnostics", "params": {"uri": "file:///home/julien/Bureau/test.py", "diagnostics": []}}
DEBUG:pygls.protocol:Received b'Content-Length: 256\r\n\r\n'
DEBUG:pygls.protocol:Received b'{"jsonrpc":"2.0","method":"textDocument/didChange","params":{"textDocument":{"uri":"file:///home/julien/Bureau/test.py","version":11},"contentChanges":[{"range":{"start":{"line":2,"character":7},"end":{"line":2,"character":8}},"rangeLength":1,"text":""}]}}'
DEBUG:pygls.protocol:Notification message received.
DEBUG:pygls.protocol:Sending notification: window/logMessage <pygls.types.LogMessageParams object at 0x7f8c05791220>
INFO:pygls.protocol:Sending data: {"jsonrpc": "2.0", "method": "window/logMessage", "params": {"type": 4, "message": "Validating python..."}}
DEBUG:pygls.protocol:Sending notification: textDocument/publishDiagnostics <pygls.types.PublishDiagnosticsParams object at 0x7f8c05791220>
INFO:pygls.protocol:Sending data: {"jsonrpc": "2.0", "method": "textDocument/publishDiagnostics", "params": {"uri": "file:///home/julien/Bureau/test.py", "diagnostics": []}}
DEBUG:pygls.protocol:Received b'Content-Length: 256\r\n\r\n'
DEBUG:pygls.protocol:Received b'{"jsonrpc":"2.0","method":"textDocument/didChange","params":{"textDocument":{"uri":"file:///home/julien/Bureau/test.py","version":12},"contentChanges":[{"range":{"start":{"line":2,"character":6},"end":{"line":2,"character":7}},"rangeLength":1,"text":""}]}}'
DEBUG:pygls.protocol:Notification message received.
DEBUG:pygls.protocol:Sending notification: window/logMessage <pygls.types.LogMessageParams object at 0x7f8c057ead60>
INFO:pygls.protocol:Sending data: {"jsonrpc": "2.0", "method": "window/logMessage", "params": {"type": 4, "message": "Validating python..."}}
DEBUG:pygls.protocol:Sending notification: textDocument/publishDiagnostics <pygls.types.PublishDiagnosticsParams object at 0x7f8c057ead60>
INFO:pygls.protocol:Sending data: {"jsonrpc": "2.0", "method": "textDocument/publishDiagnostics", "params": {"uri": "file:///home/julien/Bureau/test.py", "diagnostics": []}}
DEBUG:pygls.protocol:Received b'Content-Length: 256\r\n\r\n'
DEBUG:pygls.protocol:Received b'{"jsonrpc":"2.0","method":"textDocument/didChange","params":{"textDocument":{"uri":"file:///home/julien/Bureau/test.py","version":13},"contentChanges":[{"range":{"start":{"line":2,"character":5},"end":{"line":2,"character":6}},"rangeLength":1,"text":""}]}}'
DEBUG:pygls.protocol:Notification message received.
DEBUG:pygls.protocol:Sending notification: window/logMessage <pygls.types.LogMessageParams object at 0x7f8c057ea640>
INFO:pygls.protocol:Sending data: {"jsonrpc": "2.0", "method": "window/logMessage", "params": {"type": 4, "message": "Validating python..."}}
DEBUG:pygls.protocol:Sending notification: textDocument/publishDiagnostics <pygls.types.PublishDiagnosticsParams object at 0x7f8c057ea640>
INFO:pygls.protocol:Sending data: {"jsonrpc": "2.0", "method": "textDocument/publishDiagnostics", "params": {"uri": "file:///home/julien/Bureau/test.py", "diagnostics": []}}
DEBUG:pygls.protocol:Received b'Content-Length: 256\r\n\r\n'
DEBUG:pygls.protocol:Received b'{"jsonrpc":"2.0","method":"textDocument/didChange","params":{"textDocument":{"uri":"file:///home/julien/Bureau/test.py","version":14},"contentChanges":[{"range":{"start":{"line":2,"character":4},"end":{"line":2,"character":5}},"rangeLength":1,"text":""}]}}'
DEBUG:pygls.protocol:Notification message received.
DEBUG:pygls.protocol:Sending notification: window/logMessage <pygls.types.LogMessageParams object at 0x7f8c057ea6d0>
INFO:pygls.protocol:Sending data: {"jsonrpc": "2.0", "method": "window/logMessage", "params": {"type": 4, "message": "Validating python..."}}
DEBUG:pygls.protocol:Sending notification: textDocument/publishDiagnostics <pygls.types.PublishDiagnosticsParams object at 0x7f8c057ea6d0>
INFO:pygls.protocol:Sending data: {"jsonrpc": "2.0", "method": "textDocument/publishDiagnostics", "params": {"uri": "file:///home/julien/Bureau/test.py", "diagnostics": []}}
DEBUG:pygls.protocol:Received b'Content-Length: 256\r\n\r\n'
DEBUG:pygls.protocol:Received b'{"jsonrpc":"2.0","method":"textDocument/didChange","params":{"textDocument":{"uri":"file:///home/julien/Bureau/test.py","version":15},"contentChanges":[{"range":{"start":{"line":2,"character":3},"end":{"line":2,"character":4}},"rangeLength":1,"text":""}]}}'
DEBUG:pygls.protocol:Notification message received.
DEBUG:pygls.protocol:Sending notification: window/logMessage <pygls.types.LogMessageParams object at 0x7f8c057ea640>
INFO:pygls.protocol:Sending data: {"jsonrpc": "2.0", "method": "window/logMessage", "params": {"type": 4, "message": "Validating python..."}}
DEBUG:pygls.protocol:Sending notification: textDocument/publishDiagnostics <pygls.types.PublishDiagnosticsParams object at 0x7f8c057ea640>
INFO:pygls.protocol:Sending data: {"jsonrpc": "2.0", "method": "textDocument/publishDiagnostics", "params": {"uri": "file:///home/julien/Bureau/test.py", "diagnostics": []}}
DEBUG:pygls.protocol:Received b'Content-Length: 256\r\n\r\n'
DEBUG:pygls.protocol:Received b'{"jsonrpc":"2.0","method":"textDocument/didChange","params":{"textDocument":{"uri":"file:///home/julien/Bureau/test.py","version":16},"contentChanges":[{"range":{"start":{"line":2,"character":2},"end":{"line":2,"character":3}},"rangeLength":1,"text":""}]}}'
DEBUG:pygls.protocol:Notification message received.
DEBUG:pygls.protocol:Sending notification: window/logMessage <pygls.types.LogMessageParams object at 0x7f8c0579ca90>
INFO:pygls.protocol:Sending data: {"jsonrpc": "2.0", "method": "window/logMessage", "params": {"type": 4, "message": "Validating python..."}}
DEBUG:pygls.protocol:Sending notification: textDocument/publishDiagnostics <pygls.types.PublishDiagnosticsParams object at 0x7f8c0579ca90>
INFO:pygls.protocol:Sending data: {"jsonrpc": "2.0", "method": "textDocument/publishDiagnostics", "params": {"uri": "file:///home/julien/Bureau/test.py", "diagnostics": []}}
DEBUG:pygls.protocol:Received b'Content-Length: 256\r\n\r\n'
DEBUG:pygls.protocol:Received b'{"jsonrpc":"2.0","method":"textDocument/didChange","params":{"textDocument":{"uri":"file:///home/julien/Bureau/test.py","version":17},"contentChanges":[{"range":{"start":{"line":2,"character":1},"end":{"line":2,"character":2}},"rangeLength":1,"text":""}]}}'
DEBUG:pygls.protocol:Notification message received.
DEBUG:pygls.protocol:Sending notification: window/logMessage <pygls.types.LogMessageParams object at 0x7f8c05791a90>
INFO:pygls.protocol:Sending data: {"jsonrpc": "2.0", "method": "window/logMessage", "params": {"type": 4, "message": "Validating python..."}}
DEBUG:pygls.protocol:Sending notification: textDocument/publishDiagnostics <pygls.types.PublishDiagnosticsParams object at 0x7f8c05791a90>
INFO:pygls.protocol:Sending data: {"jsonrpc": "2.0", "method": "textDocument/publishDiagnostics", "params": {"uri": "file:///home/julien/Bureau/test.py", "diagnostics": []}}
DEBUG:pygls.protocol:Received b'Content-Length: 256\r\n\r\n'
DEBUG:pygls.protocol:Received b'{"jsonrpc":"2.0","method":"textDocument/didChange","params":{"textDocument":{"uri":"file:///home/julien/Bureau/test.py","version":18},"contentChanges":[{"range":{"start":{"line":2,"character":0},"end":{"line":2,"character":1}},"rangeLength":1,"text":""}]}}'
DEBUG:pygls.protocol:Notification message received.
DEBUG:pygls.protocol:Sending notification: window/logMessage <pygls.types.LogMessageParams object at 0x7f8c05791790>
INFO:pygls.protocol:Sending data: {"jsonrpc": "2.0", "method": "window/logMessage", "params": {"type": 4, "message": "Validating python..."}}
DEBUG:pygls.protocol:Sending notification: textDocument/publishDiagnostics <pygls.types.PublishDiagnosticsParams object at 0x7f8c05791790>
INFO:pygls.protocol:Sending data: {"jsonrpc": "2.0", "method": "textDocument/publishDiagnostics", "params": {"uri": "file:///home/julien/Bureau/test.py", "diagnostics": []}}
DEBUG:pygls.protocol:Received b'Content-Length: 133\r\n\r\n'
DEBUG:pygls.protocol:Received b'{"jsonrpc":"2.0","method":"textDocument/didSave","params":{"textDocument":{"uri":"file:///home/julien/Bureau/test.py","version":18}}}'
DEBUG:pygls.protocol:Notification message received.
ERROR:pygls.protocol:Failed to handle notification textDocument/didSave: Object(textDocument=Object(uri='file:///home/julien/Bureau/test.py', version=18))
Traceback (most recent call last):
  File "/home/julien/pygls/pygls/protocol.py", line 279, in _get_handler
    return self.fm.builtin_features[feature_name]
KeyError: 'textDocument/didSave'

During handling of the above exception, another exception occurred:

Traceback (most recent call last):
  File "/home/julien/pygls/pygls/protocol.py", line 282, in _get_handler
    return self.fm.features[feature_name]
KeyError: 'textDocument/didSave'

During handling of the above exception, another exception occurred:

Traceback (most recent call last):
  File "/home/julien/pygls/pygls/protocol.py", line 306, in _handle_notification
    handler = self._get_handler(method_name)
  File "/home/julien/pygls/pygls/protocol.py", line 284, in _get_handler
    raise JsonRpcMethodNotFound.of(feature_name)
pygls.exceptions.JsonRpcMethodNotFound
DEBUG:pygls.protocol:Received b'Content-Length: 58\r\n\r\n'
DEBUG:pygls.protocol:Received b'{"jsonrpc":"2.0","id":3,"method":"shutdown","params":null}'
DEBUG:pygls.protocol:Request message received.
INFO:pygls.protocol:Sending data: {"id": 3, "jsonrpc": "2.0", "result": null}
DEBUG:pygls.protocol:Received b'Content-Length: 47\r\n\r\n'
DEBUG:pygls.protocol:Received b'{"jsonrpc":"2.0","method":"exit","params":null}'
DEBUG:pygls.protocol:Notification message received.
INFO:pygls.server:Shutting down the server
INFO:pygls.server:Closing the event loop.
